
> dm-hub@0.0.0 build
> vite build

vite v8.0.8 building client environment for production...
[2Ktransforming...✗ Build failed in 622ms

PWA v1.2.0
mode      generateSW
precache  1 entries (0.00 KiB)
files generated
  dist/sw.js
  dist/workbox-8c29f6e4.js
warnings
  One of the glob patterns doesn't match any files. Please remove or fix the following: {
  "globDirectory": "/Users/andrew/Projects/DM_Hub/dist",
  "globPattern": "**/*.{js,wasm,css,html}",
  "globIgnores": [
    "**/node_modules/**/*",
    "sw.js",
    "workbox-*.js"
  ]
}

error during build:
Build failed with 1 error:

[plugin vite-plugin-pwa:build]
Error: Build failed with 2 errors:

[31m[UNRESOLVED_IMPORT] Error:[0m Could not resolve './components/Sidebar' in src/App.jsx
   [38;5;246m╭[0m[38;5;246m─[0m[38;5;246m[[0m src/App.jsx:3:21 [38;5;246m][0m
   [38;5;246m│[0m
 [38;5;246m3 │[0m [38;5;249mi[0m[38;5;249mm[0m[38;5;249mp[0m[38;5;249mo[0m[38;5;249mr[0m[38;5;249mt[0m[38;5;249m [0m[38;5;249mS[0m[38;5;249mi[0m[38;5;249md[0m[38;5;249me[0m[38;5;249mb[0m[38;5;249ma[0m[38;5;249mr[0m[38;5;249m [0m[38;5;249mf[0m[38;5;249mr[0m[38;5;249mo[0m[38;5;249mm[0m[38;5;249m [0m"./components/Sidebar"[38;5;249m;[0m
 [38;5;240m  │[0m                     ───────────┬──────────  
 [38;5;240m  │[0m                                ╰──────────── Module not found.
 [38;5;240m  │[0m 
 [38;5;240m  │[0m [38;5;115mHelp[0m: 'src/App.jsx' is imported by the following path:
 [38;5;240m  │[0m         - src/App.jsx
 [38;5;240m  │[0m         - src/main.jsx
 [38;5;240m  │[0m         - index.html
[38;5;246m───╯[0m

[plugin vite:css] /Users/andrew/Projects/DM_Hub/src/index.css:12:2
CssSyntaxError: [postcss] /Users/andrew/Projects/DM_Hub/src/index.css:12:3: You cannot `@apply` the `font-serif` utility here because it creates a circular dependency.
    at Input.error (/Users/andrew/Projects/DM_Hub/node_modules/postcss/lib/input.js:135:16)
    at Rule.error (/Users/andrew/Projects/DM_Hub/node_modules/postcss/lib/node.js:146:32)
    at processApply (/Users/andrew/Projects/DM_Hub/node_modules/tailwindcss/lib/lib/expandApplyAtRules.js:443:32)
    at /Users/andrew/Projects/DM_Hub/node_modules/tailwindcss/lib/lib/expandApplyAtRules.js:551:9
    at /Users/andrew/Projects/DM_Hub/node_modules/tailwindcss/lib/processTailwindFeatures.js:55:50
    at async plugins (/Users/andrew/Projects/DM_Hub/node_modules/tailwindcss/lib/plugin.js:38:17)
    at async LazyResult.runAsync (/Users/andrew/Projects/DM_Hub/node_modules/postcss/lib/lazy-result.js:293:11)
    at async runPostCSS (file:///Users/andrew/Projects/DM_Hub/node_modules/vite/dist/node/chunks/node.js:21003:19)
    at async compilePostCSS (file:///Users/andrew/Projects/DM_Hub/node_modules/vite/dist/node/chunks/node.js:20987:6)
    at async compileCSS (file:///Users/andrew/Projects/DM_Hub/node_modules/vite/dist/node/chunks/node.js:20917:26)
    at aggregateBindingErrorsIntoJsError (file:///Users/andrew/Projects/DM_Hub/node_modules/rolldown/dist/shared/error-w0u7biK-.mjs:48:18)
    at plugin (file:///Users/andrew/Projects/DM_Hub/node_modules/rolldown/dist/shared/bindingify-input-options-DYpBf1OG.mjs:1067:61)
    at plugin.<computed> (file:///Users/andrew/Projects/DM_Hub/node_modules/rolldown/dist/shared/bindingify-input-options-DYpBf1OG.mjs:1636:18)
    at aggregateBindingErrorsIntoJsError (file:///Users/andrew/Projects/DM_Hub/node_modules/rolldown/dist/shared/error-w0u7biK-.mjs:48:18)
    at unwrapBindingResult (file:///Users/andrew/Projects/DM_Hub/node_modules/rolldown/dist/shared/error-w0u7biK-.mjs:18:128)
    at #build (file:///Users/andrew/Projects/DM_Hub/node_modules/rolldown/dist/shared/rolldown-build-DtGk-m96.mjs:3313:34)
    at async buildEnvironment (file:///Users/andrew/Projects/DM_Hub/node_modules/vite/dist/node/chunks/node.js:32954:64)
    at async Object.build (file:///Users/andrew/Projects/DM_Hub/node_modules/vite/dist/node/chunks/node.js:33376:19)
    at async Object.buildApp (file:///Users/andrew/Projects/DM_Hub/node_modules/vite/dist/node/chunks/node.js:33373:153)
    at async CAC.<anonymous> (file:///Users/andrew/Projects/DM_Hub/node_modules/vite/dist/node/cli.js:778:3) {
  errors: [Getter/Setter]
}
